
> siddhant-web@0.1.0 build
> next build

Γû▓ Next.js 16.2.1 (Turbopack)
- Environments: .env.local

node.exe : ΓÜá The "middleware" file 
convention is deprecated. Please use 
"proxy" instead. Learn more: https://next
js.org/docs/messages/middleware-to-proxy
At line:1 char:1
+ & "C:\Program Files\nodejs/node.exe" 
"C:\Program Files\nodejs/node_mo ...
+ ~~~~~~~~~~~~~~~~~~~~~~~~~~~~~~~~~~~~~~~
~~~~~~~~~~~~~~~~~~~~~~~~~~~~~~
    + CategoryInfo          : NotSpecifi 
   ed: (ΓÜá The "middle...leware-to-pro  
  xy:String) [], RemoteException
    + FullyQualifiedErrorId : NativeComm 
   andError
 
  Creating an optimized production build ...

> Build error occurred
Error: Turbopack build failed with 1 
errors:
./src/app/topic/[slug]/edit/page.tsx:6:1
Module not found: Can't resolve 
'../topic.css'
  [90m4 |[0m [36mimport[0m 
[33mLink[0m [36mfrom[0m 
[32m'next/link'[0m;
  [90m5 |[0m [36mimport[0m { 
submitRevision } [36mfrom[0m 
[32m'./actions'[0m;
[31m[1m>[0m [90m6 |[0m 
[36mimport[0m [32m'../topic.css'[0m;
  [90m  |[0m 
[31m[1m^^^^^^^^^^^^^^^^^^^^^^[0m
  [90m7 |[0m
  [90m8 |[0m [36mexport[0m 
[36mdefault[0m [36masync[0m 
[36mfunction[0m 
[33mEditNodePage[0m({ params }: { 
params: [33mPromise[0m<{ slug: string 
}> ...
  [90m9 |[0m   [36mconst[0m { slug } 
= [36mawait[0m params;



https://nextjs.org/docs/messages/module-n
ot-found


    at <unknown> (./src/app/topic/[slug]/
edit/page.tsx:6:1)
    at <unknown> (https://nextjs.org/docs
/messages/module-not-found)
